.printn
        get 0
        push 0
        cmplt
        jumpf else_0
        prep putchar
        push 45
        call 1
        drop
        prep printn
        push 0
        get 0
        sub
        call 1
        drop
        jump endif_0
.else_0
        get 0
        push 10
        div
        push 0
        cmpne
        jumpf endif_1
        prep printn
        get 0
        push 10
        div
        call 1
        drop
.endif_1
        prep putchar
        push 48
        get 0
        push 10
        mod
        add
        call 1
        drop
.endif_0
        push 0
        ret
.println
        prep printn
        get 0
        call 1
        drop
        prep putchar
        push 10
        call 1
        drop
        push 0
        ret
._Init
        resn 10
        push 16384
        dup
        set 0
        drop
        push 1
        dup
        set 1
        drop
        push 0
        push 1
        sub
        dup
        set 2
        drop
        push 0
        read
        dup
        set 3
        drop
        get 3
        push 1
        add
        dup
        set 4
        drop
        get 4
        dup
        get 3
        write
        drop
        get 0
        push 2
        get 1
        mul
        sub
        dup
        set 5
        drop
        push 0
        dup
        set 6
        drop
        get 1
        get 5
        add
        dup
        set 7
        drop
        get 1
        dup
        set 8
        drop
        get 1
        get 5
        add
        push 1
        sub
        dup
        set 9
        drop
        get 5
        dup
        get 4
        get 6
        add
        write
        drop
        get 5
        dup
        get 4
        get 7
        add
        write
        drop
        get 2
        dup
        get 4
        get 8
        add
        write
        drop
        get 2
        dup
        get 4
        get 9
        add
        write
        drop
        push 0
        ret
        push 0
        ret
.malloc
        resn 23
        push 0
        dup
        set 1
        drop
        push 0
        push 1
        sub
        dup
        set 2
        drop
        push 1
        dup
        set 3
        drop
        push 0
        dup
        set 4
        drop
        get 3
        dup
        set 5
        drop
        push 2
        dup
        set 6
        drop
        get 0
        push 1
        cmplt
        jumpf endif_2
        get 1
        ret
.endif_2
        get 0
        get 6
        cmplt
        jumpf endif_3
        get 6
        dup
        set 0
        drop
.endif_3
        get 1
        dup
        set 7
        drop
        push 0
        read
        dup
        set 8
        drop
        get 8
        read
        dup
        set 9
        drop
.loop_4
.continue_4
        get 9
        get 2
        cmpne
        jumpf else_5
        get 9
        get 4
        add
        read
        get 0
        cmpge
        jumpf endif_6
        jump endloop_4
.endif_6
        get 9
        get 5
        add
        read
        dup
        set 9
        drop
        jump endif_5
.else_5
        jump endloop_4
.endif_5
        jump loop_4
.endloop_4
        get 9
        get 2
        cmpne
        jumpf endif_7
        get 9
        get 4
        add
        read
        dup
        set 10
        drop
        get 3
        get 10
        add
        push 1
        sub
        dup
        set 11
        drop
        get 9
        get 5
        add
        read
        dup
        set 12
        drop
        get 9
        get 11
        add
        read
        dup
        set 13
        drop
        get 9
        dup
        set 14
        drop
        get 3
        get 0
        add
        dup
        set 15
        drop
        push 0
        get 0
        sub
        dup
        get 14
        get 4
        add
        write
        drop
        push 0
        get 0
        sub
        dup
        get 14
        get 15
        add
        write
        drop
        get 10
        get 0
        sub
        get 6
        push 2
        get 3
        mul
        add
        cmplt
        jumpf else_8
        get 13
        get 2
        cmpeq
        jumpf else_9
        get 12
        dup
        get 8
        write
        drop
        jump endif_9
.else_9
        get 12
        dup
        get 13
        get 5
        add
        write
        drop
.endif_9
        get 12
        get 2
        cmpne
        jumpf endif_10
        get 12
        get 4
        add
        read
        dup
        set 16
        drop
        get 4
        get 16
        add
        push 1
        sub
        dup
        set 17
        drop
        get 13
        dup
        get 12
        get 17
        add
        write
        drop
.endif_10
        jump endif_8
.else_8
        get 14
        get 0
        add
        push 2
        get 3
        mul
        add
        dup
        set 18
        drop
        get 10
        get 0
        sub
        push 2
        get 3
        mul
        sub
        dup
        set 19
        drop
        get 3
        get 19
        add
        dup
        set 20
        drop
        get 20
        push 1
        sub
        dup
        set 21
        drop
        get 19
        dup
        get 18
        get 4
        add
        write
        drop
        get 19
        dup
        get 18
        get 20
        add
        write
        drop
        get 12
        dup
        get 18
        get 5
        add
        write
        drop
        get 13
        dup
        get 18
        get 21
        add
        write
        drop
        get 13
        get 2
        cmpeq
        jumpf else_11
        get 18
        dup
        get 8
        write
        drop
        jump endif_11
.else_11
        get 18
        dup
        get 13
        get 5
        add
        write
        drop
.endif_11
        get 12
        get 2
        cmpne
        jumpf endif_12
        get 12
        get 4
        add
        read
        dup
        set 22
        drop
        get 4
        get 22
        add
        push 1
        sub
        dup
        set 23
        drop
        get 18
        dup
        get 12
        get 23
        add
        write
        drop
.endif_12
.endif_8
        get 14
        get 3
        add
        dup
        set 7
        drop
.endif_7
        get 7
        ret
        push 0
        ret
.free
        resn 14
        push 0
        dup
        set 1
        drop
        push 0
        push 1
        sub
        dup
        set 2
        drop
        push 1
        dup
        set 3
        drop
        push 0
        dup
        set 4
        drop
        get 3
        dup
        set 5
        drop
        push 2
        dup
        set 6
        drop
        get 0
        get 1
        cmpeq
        jumpf endif_13
        push 0
        ret
.endif_13
        get 0
        get 3
        sub
        dup
        set 7
        drop
        push 0
        get 7
        get 4
        add
        read
        sub
        dup
        set 8
        drop
        get 3
        get 8
        add
        dup
        set 9
        drop
        get 9
        push 1
        sub
        dup
        set 10
        drop
        get 8
        dup
        get 7
        get 4
        add
        write
        drop
        get 8
        dup
        get 7
        get 9
        add
        write
        drop
        push 0
        read
        dup
        set 11
        drop
        get 11
        read
        dup
        set 12
        drop
        get 12
        dup
        get 7
        get 5
        add
        write
        drop
        get 2
        dup
        get 7
        get 10
        add
        write
        drop
        get 12
        get 2
        cmpne
        jumpf endif_14
        get 12
        get 4
        add
        read
        dup
        set 13
        drop
        get 3
        get 13
        add
        push 1
        sub
        dup
        set 14
        drop
        get 7
        dup
        get 12
        get 14
        add
        write
        drop
.endif_14
        get 7
        dup
        get 11
        write
        drop
        push 0
        ret
.print_free_blocks_list
        resn 6
        push 0
        push 1
        sub
        dup
        set 0
        drop
        push 1
        dup
        set 1
        drop
        push 0
        dup
        set 2
        drop
        get 1
        dup
        set 3
        drop
        push 0
        read
        dup
        set 4
        drop
        get 4
        read
        dup
        set 5
        drop
        prep putchar
        push 72
        call 1
        drop
.loop_15
.continue_15
        get 5
        get 0
        cmpne
        jumpf else_16
        prep putchar
        push 32
        call 1
        drop
        prep putchar
        push 45
        call 1
        drop
        prep putchar
        push 62
        call 1
        drop
        prep putchar
        push 32
        call 1
        drop
        prep printn
        get 5
        get 4
        sub
        call 1
        drop
        prep putchar
        push 40
        call 1
        drop
        prep printn
        get 5
        get 2
        add
        read
        call 1
        drop
        prep putchar
        push 41
        call 1
        drop
        get 5
        get 3
        add
        read
        dup
        set 5
        drop
        jump endif_16
.else_16
        jump endloop_15
.endif_16
        jump loop_15
.endloop_15
        prep putchar
        push 10
        call 1
        drop
        push 0
        ret
.memdump
        resn 2
        prep putchar
        push 38
        call 1
        drop
        prep putchar
        push 9
        call 1
        drop
        push 0
        dup
        set 3
        drop
.loop_17
        get 3
        get 2
        cmplt
        jumpt endif_18
        jump endloop_17
.endif_18
        prep printn
        get 3
        call 1
        drop
        prep putchar
        push 9
        call 1
        drop
.continue_17
        get 3
        push 1
        add
        dup
        set 3
        drop
        jump loop_17
.endloop_17
        prep putchar
        push 10
        call 1
        drop
        push 0
        dup
        set 3
        drop
.loop_19
        get 3
        get 2
        push 1
        add
        cmplt
        jumpt endif_20
        jump endloop_19
.endif_20
        prep putchar
        push 45
        call 1
        drop
        prep putchar
        push 45
        call 1
        drop
        prep putchar
        push 45
        call 1
        drop
        prep putchar
        push 9
        call 1
        drop
.continue_19
        get 3
        push 1
        add
        dup
        set 3
        drop
        jump loop_19
.endloop_19
        get 0
        dup
        set 4
        drop
.loop_21
        get 4
        get 1
        cmplt
        jumpt endif_22
        jump endloop_21
.endif_22
        get 4
        get 0
        sub
        get 2
        mod
        push 0
        cmpeq
        jumpf endif_23
        prep putchar
        push 10
        call 1
        drop
        prep printn
        get 4
        call 1
        drop
        prep putchar
        push 58
        call 1
        drop
        prep putchar
        push 9
        call 1
        drop
.endif_23
        prep printn
        get 4
        read
        call 1
        drop
        prep putchar
        push 9
        call 1
        drop
.continue_21
        get 4
        push 1
        add
        dup
        set 4
        drop
        jump loop_21
.endloop_21
        push 0
        ret
.main
        resn 6
        prep malloc
        push 10
        call 1
        dup
        set 0
        drop
        prep malloc
        push 10
        call 1
        dup
        set 1
        drop
        prep malloc
        push 10
        call 1
        dup
        set 2
        drop
        prep malloc
        push 10
        call 1
        dup
        set 3
        drop
        prep print_free_blocks_list
        call 0
        drop
        prep free
        get 0
        call 1
        drop
        prep print_free_blocks_list
        call 0
        drop
        prep malloc
        push 7
        call 1
        dup
        set 4
        drop
        prep print_free_blocks_list
        call 0
        drop
        prep free
        get 2
        call 1
        drop
        prep print_free_blocks_list
        call 0
        drop
        prep malloc
        push 6
        call 1
        dup
        set 5
        drop
        prep print_free_blocks_list
        call 0
        drop
        push 0
        ret
.start
       push 0
       read
       push 0
       add
       push 0
       write
       prep _Init
       call 0
       prep main
       call 0
       halt

.putchar
       send
       push 0
       ret

.getchar
       recv
       ret
