PROGRAM
|--FUNCTION : name = main
   |--SEQUENCE
   |--SEQUENCE
      |--SEQUENCE
         |--DECL : name = a, index = 0 (local)
      |--DROP
         |--ASSIGNEMENT
            |--REF : name = a, index = 0 (local)
            |--CONST : value = 1
      |--CONDITION
         |--CONST : value = 0
         |--BLOCK
            |--DROP
               |--ASSIGNEMENT
                  |--REF : name = a, index = 0 (local)
                  |--CONST : value = 7
         |--BLOCK
            |--DROP
               |--ASSIGNEMENT
                  |--REF : name = a, index = 0 (local)
                  |--CONST : value = 5
      |--PRINT
         |--REF : name = a, index = 0 (local)
      |--CONDITION
         |--CONST : value = 1
         |--BLOCK
            |--DROP
               |--ASSIGNEMENT
                  |--REF : name = a, index = 0 (local)
                  |--CONST : value = 7
         |--BLOCK
            |--DROP
               |--ASSIGNEMENT
                  |--REF : name = a, index = 0 (local)
                  |--CONST : value = 5
      |--PRINT
         |--REF : name = a, index = 0 (local)
