.main
        resn 1
        push 1
        dup
        set 0
        drop
        push 0
        jumpf else_0
        push 7
        dup
        set 0
        drop
        jump endif_0
.else_0
        push 5
        dup
        set 0
        drop
.endif_0
        get 0
        dbg
        push 1
        jumpf else_1
        push 7
        dup
        set 0
        drop
        jump endif_1
.else_1
        push 5
        dup
        set 0
        drop
.endif_1
        get 0
        dbg
        push 0
        ret
.start
       push 0
       read
       push 0
       add
       push 0
       write
       prep main
       call 0
       halt

.putchar
       send
       push 0
       ret

.getchar
       recv
       ret
