NONE
IDENTIFIER : i
IDENTIFIER : nt
INVALID CHARACTER : 
IDENTIFIER : msds54545ain
OPEN PARENTHESIS
IDENTIFIER : iksjdfkljsnt
IDENTIFIER : argc
COMMA
IDENTIFIER : isdsdfnt
IDENTIFIER : s
STAR
IDENTIFIER : asdfrgv
OPEN BRACKET
IDENTIFIER : s
CLOSE BRACKET
CLOSE PARENTHESIS
IDENTIFIER : sd
OPEN BRACE
INVALID CHARACTER : é
INVALID CHARACTER : "
INVALID CHARACTER : '
IDENTIFIER : m
INVALID CHARACTER : é
INVALID CHARACTER : '
INVALID CHARACTER : "
CONST : 0
INVALID CHARACTER : 
IDENTIFIER : retur
IDENTIFIER : n
CONST : 0
SEMICOLON
CLOSE BRACE
IDENTIFIER : sdfkljfdskl
INVALID CHARACTER : 
IDENTIFIER : qfsldkj_
INVALID CHARACTER : '
INVALID CHARACTER : "
INVALID CHARACTER : ç
INVALID CHARACTER : '
CONST : 8888
INVALID CHARACTER : ç
INVALID CHARACTER : é
INVALID CHARACTER : "
IDENTIFIER : _
INVALID CHARACTER : ç
INVALID CHARACTER : é
INVALID CHARACTER : "
