(0:0)		NONE
(1:1)		IDENTIFIER : i
(1:3)		IDENTIFIER : nt
(1:5)		INVALID CHARACTER : 
(1:6)		IDENTIFIER : msds54545ain
(1:18)		OPEN PARENTHESIS
(1:19)		IDENTIFIER : iksjdfkljsnt
(1:32)		IDENTIFIER : argc
(1:36)		COMMA
(1:38)		IDENTIFIER : isdsdfnt
(1:47)		IDENTIFIER : s
(1:48)		STAR
(1:49)		IDENTIFIER : asdfrgv
(1:56)		OPEN BRACKET
(1:57)		IDENTIFIER : s
(1:58)		CLOSE BRACKET
(1:59)		CLOSE PARENTHESIS
(1:60)		IDENTIFIER : sd
(2:1)		OPEN BRACE
(2:2)		INVALID CHARACTER : é
(2:3)		INVALID CHARACTER : "
(2:4)		INVALID SEQUENCE : 'mé'
(2:8)		INVALID CHARACTER : "
(2:9)		CONSTANT : 0
(3:2)		INVALID CHARACTER : 
(3:5)		IDENTIFIER : retur
(3:11)		IDENTIFIER : n
(3:13)		CONSTANT : 0
(3:14)		SEMICOLON
(4:1)		CLOSE BRACE
(4:2)		IDENTIFIER : sdfkljfdskl
(4:13)		INVALID CHARACTER : 
(4:14)		IDENTIFIER : qfsldkj_
(4:22)		INVALID SEQUENCE : '"ç'
(4:26)		CONSTANT : 8888
(4:30)		INVALID CHARACTER : ç
(4:31)		INVALID CHARACTER : é
(4:32)		INVALID CHARACTER : "
(4:33)		IDENTIFIER : _
(4:34)		INVALID CHARACTER : ç
(4:35)		INVALID CHARACTER : é
(4:36)		INVALID CHARACTER : "
