(0:0)		NONE
(1:1)		INT
(1:5)		IDENTIFIER : main
(1:9)		OPEN PARENTHESIS
(1:10)		INT
(1:14)		IDENTIFIER : argc
(1:18)		COMMA
(1:20)		INT
(1:24)		STAR
(1:25)		IDENTIFIER : argv
(1:29)		OPEN BRACKET
(1:30)		CLOSE BRACKET
(1:31)		CLOSE PARENTHESIS
(2:1)		OPEN BRACE
(3:5)		INT
(3:9)		IDENTIFIER : lama
(3:14)		EQUAL
(3:16)		IDENTIFIER : i89K
(3:20)		SEMICOLON
(4:5)		RETURN
(4:11)		INVALID SEQUENCE : |
(4:13)		INVALID SEQUENCE : 23IUIUO
(4:20)		SEMICOLON
(5:1)		CLOSE BRACE
