(0:0)		NONE
(1:1)		INT
(1:5)		IDENTIFIER : main
(1:9)		OPEN PARENTHESIS
(1:10)		INT
(1:14)		IDENTIFIER : argc
(1:18)		COMMA
(1:20)		INT
(1:24)		STAR
(1:25)		IDENTIFIER : argv
(1:29)		OPEN BRACKET
(1:30)		CLOSE BRACKET
(1:31)		CLOSE PARENTHESIS
(2:1)		OPEN BRACE
(3:5)		RETURN
(3:12)		CONST : 0
(3:13)		SEMICOLON
(4:1)		CLOSE BRACE
