.main
        resn 4
        push 3
        dup
        set 0
        drop
        get 0
        dup
        set 1
        drop
        get 1
        dbg
        push 3000
        dup
        set 2
        drop
        get 2
        push 2
        add
        dup
        set 3
        drop
        push 4
        dup
        get 2
        push 2
        add
        write
        drop
        get 3
        read
        dbg
        push 0
        ret
.start
       push 0
       read
       push 0
       add
       push 0
       write
       prep main
       call 0
       halt

.putchar
       send
       push 0
       ret

.getchar
       recv
       ret
