PROGRAM
|--FUNCTION : name = main
   |--SEQUENCE
   |--SEQUENCE
      |--SEQUENCE
         |--DECL : name = a, index = -1
         |--DROP
            |--ASSIGNEMENT
               |--REF : name = a, index = -1
               |--CONST : value = 3
      |--SEQUENCE
         |--DECL : name = b, index = -1
         |--DROP
            |--ASSIGNEMENT
               |--REF : name = b, index = -1
               |--REF : name = a, index = -1
      |--PRINT
         |--REF : name = b, index = -1
      |--SEQUENCE
         |--DECL : name = c, index = -1
         |--DROP
            |--ASSIGNEMENT
               |--REF : name = c, index = -1
               |--CONST : value = 3000
      |--SEQUENCE
         |--DECL : name = c_third, index = -1
         |--DROP
            |--ASSIGNEMENT
               |--REF : name = c_third, index = -1
               |--ADD
                  |--REF : name = c, index = -1
                  |--CONST : value = 2
      |--DROP
         |--ASSIGNEMENT
            |--DEREF
               |--ADD
                  |--REF : name = c, index = -1
                  |--CONST : value = 2
            |--CONST : value = 4
      |--PRINT
         |--DEREF
            |--REF : name = c_third, index = -1
