PROGRAM
|--FUNCTION : name = main
   |--SEQUENCE
   |--BLOCK
      |--SEQUENCE
         |--DECL : name = a, index = -1
      |--SEQUENCE
         |--DECL : name = b, index = -1
         |--DECL : name = c, index = -1
      |--PRINT
         |--ASSIGNEMENT
            |--REF : name = a, index = -1
            |--CONST : value = 4
      |--DROP
         |--ASSIGNEMENT
            |--REF : name = b, index = -1
            |--CONST : value = 434
      |--DROP
         |--ASSIGNEMENT
            |--REF : name = c, index = -1
            |--CONST : value = 23
      |--PRINT
         |--REF : name = b, index = -1
      |--PRINT
         |--REF : name = c, index = -1
      |--DROP
         |--ASSIGNEMENT
            |--REF : name = a, index = -1
            |--ASSIGNEMENT
               |--REF : name = b, index = -1
               |--ASSIGNEMENT
                  |--REF : name = c, index = -1
                  |--ADD
                     |--CONST : value = 3
                     |--CONST : value = 23
      |--PRINT
         |--REF : name = a, index = -1
      |--PRINT
         |--REF : name = b, index = -1
      |--PRINT
         |--REF : name = c, index = -1
      |--BLOCK
         |--SEQUENCE
            |--DECL : name = a, index = -1
         |--BLOCK
            |--DROP
               |--ASSIGNEMENT
                  |--REF : name = a, index = -1
                  |--CONST : value = 89
            |--SEQUENCE
               |--DECL : name = b, index = -1
            |--DROP
               |--ASSIGNEMENT
                  |--REF : name = b, index = -1
                  |--CONST : value = 34
         |--PRINT
            |--REF : name = a, index = -1
         |--PRINT
            |--REF : name = b, index = -1
         |--DROP
            |--ASSIGNEMENT
               |--REF : name = b, index = -1
               |--CONST : value = 32
      |--PRINT
         |--REF : name = a, index = -1
      |--PRINT
         |--REF : name = b, index = -1
