.main
		resn 1
		push 3
		dup
		set 0
		drop
.loop_0
		get 0
		dbg
		get 0
		push 1
		sub
		dup
		set 0
		drop
		get 0
		push 0
		cmpge
		jumpt endif_1
		jump endloop_0
.endif_1
		jump loop_0
.endloop_0
		push 5
		dup
		set 0
		drop
.loop_2
		get 0
		dbg
		push 0
		jumpt endif_3
		jump endloop_2
.endif_3
		jump loop_2
.endloop_2
		push 0
		ret
.start
		prep main
		call 0
		halt
