PROGRAM
|--FUNCTION : name = main
   |--SEQUENCE
   |--SEQUENCE
      |--SEQUENCE
         |--DECL : name = x, index = 0
      |--BLOCK
         |--DROP
            |--ASSIGNEMENT
               |--REF : name = x, index = 0 (local)
               |--CONST : value = 0
         |--LOOP
            |--INVERTED CONDITION
               |--LESS
                  |--REF : name = x, index = 0 (local)
                  |--CONST : value = 5
               |--BREAK
            |--PRINT
               |--REF : name = x, index = 0 (local)
            |--CONTINUE LABEL
            |--DROP
               |--ASSIGNEMENT
                  |--REF : name = x, index = 0 (local)
                  |--ADD
                     |--REF : name = x, index = 0 (local)
                     |--CONST : value = 1
