PROGRAM
|--FUNCTION : name = main
   |--SEQUENCE
   |--SEQUENCE
      |--BLOCK
         |--SEQUENCE
            |--DECL : name = a, index = -1
               |--ASSIGNEMENT
                  |--REF : name = a, index = -1
                  |--CONST : value = 3
            |--DECL : name = b, index = -1
               |--ASSIGNEMENT
                  |--REF : name = b, index = -1
                  |--CONST : value = 8
         |--LOOP
            |--INVERTED CONDITION
               |--LESS
                  |--REF : name = a, index = -1
                  |--REF : name = b, index = -1
               |--BREAK
            |--SEQUENCE
               |--PRINT
                  |--REF : name = a, index = -1
            |--CONTINUE LABEL
            |--DROP
               |--ASSIGNEMENT
                  |--REF : name = a, index = -1
                  |--ADD
                     |--REF : name = a, index = -1
                     |--CONST : value = 1
