PROGRAM
|--FUNCTION : name = main
   |--SEQUENCE
   |--SEQUENCE
      |--SEQUENCE
         |--DECL : name = a, index = -1
      |--DROP
         |--ASSIGNEMENT
            |--REF : name = a, index = -1
            |--CONST : value = 0
      |--LOOP
         |--CONTINUE LABEL
         |--CONDITION
            |--LESS
               |--REF : name = a, index = -1
               |--CONST : value = 11
            |--BLOCK
               |--PRINT
                  |--REF : name = a, index = -1
               |--DROP
                  |--ASSIGNEMENT
                     |--REF : name = a, index = -1
                     |--ADD
                        |--REF : name = a, index = -1
                        |--CONST : value = 1
            |--BREAK
