PROGRAM
|--FUNCTION : name = main
   |--SEQUENCE
   |--SEQUENCE
      |--PRINT
         |--ADD
            |--CONST : value = 1
            |--CONST : value = 1
      |--PRINT
         |--ADD
            |--CONST : value = 1
            |--CONST : value = 1
      |--PRINT
         |--SUB
            |--CONST : value = 2
            |--CONST : value = 2
      |--PRINT
         |--SUB
            |--CONST : value = 2
            |--CONST : value = 2
      |--PRINT
         |--MUL
            |--CONST : value = 3
            |--CONST : value = 3
      |--PRINT
         |--MUL
            |--CONST : value = 3
            |--CONST : value = 3
      |--PRINT
         |--DIV
            |--CONST : value = 4
            |--CONST : value = 4
      |--PRINT
         |--MOD
            |--CONST : value = 5
            |--CONST : value = 5
      |--PRINT
         |--LESS
            |--CONST : value = 6
            |--CONST : value = 6
      |--PRINT
         |--LESS OR EQUAL
            |--CONST : value = 7
            |--CONST : value = 7
      |--PRINT
         |--GREATER
            |--CONST : value = 8
            |--CONST : value = 8
      |--PRINT
         |--GREATER OR EQUAL
            |--CONST : value = 9
            |--CONST : value = 9
      |--PRINT
         |--EQUAL
            |--CONST : value = 1
            |--CONST : value = 1
      |--PRINT
         |--NOT EQUAL
            |--CONST : value = 2
            |--CONST : value = 2
      |--PRINT
         |--OR
            |--CONST : value = 3
            |--CONST : value = 3
      |--PRINT
         |--OR
            |--CONST : value = 0
            |--CONST : value = 3
      |--PRINT
         |--AND
            |--CONST : value = 4
            |--CONST : value = 4
      |--PRINT
         |--AND
            |--CONST : value = 0
            |--CONST : value = 4
