.main
        push 1
        push 1
        add
        dbg
        push 1
        push 1
        add
        dbg
        push 2
        push 2
        sub
        dbg
        push 2
        push 2
        sub
        dbg
        push 3
        push 3
        mul
        dbg
        push 3
        push 3
        mul
        dbg
        push 4
        push 4
        div
        dbg
        push 5
        push 5
        mod
        dbg
        push 6
        push 6
        cmplt
        dbg
        push 7
        push 7
        cmple
        dbg
        push 8
        push 8
        cmpgt
        dbg
        push 9
        push 9
        cmpge
        dbg
        push 1
        push 1
        cmpeq
        dbg
        push 2
        push 2
        cmpne
        dbg
        push 3
        dup
        jumpf falseor_0
        drop
        push 1
        jump endor_0
.falseor_0
        push 3
        or
.endor_0
        dbg
        push 0
        dup
        jumpf falseor_1
        drop
        push 1
        jump endor_1
.falseor_1
        push 3
        or
.endor_1
        dbg
        push 4
        dup
        jumpf endand_2
        push 4
        and
.endand_2
        dbg
        push 0
        dup
        jumpf endand_3
        push 4
        and
.endand_3
        dbg
        push 0
        ret
.start
       push 0
       read
       push 0
       add
       push 0
       write
       prep main
       call 0
       halt

.putchar
       send
       push 0
       ret

.getchar
       recv
       ret
