.main
        push 2
        dbg
        push 2
        dbg
        push 0
        dbg
        push 0
        dbg
        push 9
        dbg
        push 9
        dbg
        push 1
        dbg
        push 0
        dbg
        push 0
        dbg
        push 1
        dbg
        push 0
        dbg
        push 1
        dbg
        push 1
        dbg
        push 0
        dbg
        push 1
        dbg
        push 1
        dbg
        push 1
        dbg
        push 0
        dbg
        push 0
        ret
.start
       push 0
       read
       push 0
       add
       push 0
       write
       prep main
       call 0
       halt

.putchar
       send
       push 0
       ret

.getchar
       recv
       ret
